MariaDB [sales]> SELECT * FROM online_sales LIMIT 5;\
+----------------+------------+------------------+----------------------+------------+------------+---------------+---------------+----------------+\
| Transaction ID | Date       | Product Category | Product Name         | Units Sold | Unit Price | Total Revenue | Region        | Payment Method |\
+----------------+------------+------------------+----------------------+------------+------------+---------------+---------------+----------------+\
|          10001 | 2024-01-01 | Electronics      | iPhone 14 Pro        |          2 |     999.99 |       1999.98 | North America | Credit Card    |\
|          10002 | 2024-01-02 | Home Appliances  | Dyson V11 Vacuum     |          1 |     499.99 |        499.99 | Europe        | PayPal         |\
|          10003 | 2024-01-03 | Clothing         | Levi's 501 Jeans     |          3 |      69.99 |        209.97 | Asia          | Debit Card     |\
|          10004 | 2024-01-04 | Books            | The Da Vinci Code    |          4 |      15.99 |         63.96 | North America | Credit Card    |\
|          10005 | 2024-01-05 | Beauty Products  | Neutrogena Skincare  |          1 |      89.99 |         89.99 | Europe        | PayPal         |\
+----------------+------------+------------------+----------------------+------------+------------+---------------+---------------+----------------+\

\f1\b 5 rows in set (0.017 sec)
\f0\b0 \
\
MariaDB [sales]> SELECT `TRANSACTION ID`, DATE, MONTH(Date) AS MONTH FROM online_sales;\
+----------------+------------+-------+\
| TRANSACTION ID | DATE       | MONTH |\
+----------------+------------+-------+\
|          10001 | 2024-01-01 |     1 |\
|          10002 | 2024-01-02 |     1 |\
|          10003 | 2024-01-03 |     1 |\
|          10004 | 2024-01-04 |     1 |\
|          10005 | 2024-01-05 |     1 |\
|          10006 | 2024-01-06 |     1 |\
|          10007 | 2024-01-07 |     1 |\
|          10008 | 2024-01-08 |     1 |\
|          10009 | 2024-01-09 |     1 |\
|          10010 | 2024-01-10 |     1 |\
|          10011 | 2024-01-11 |     1 |\
|          10012 | 2024-01-12 |     1 |\
|          10013 | 2024-01-13 |     1 |\
|          10014 | 2024-01-14 |     1 |\
|          10015 | 2024-01-15 |     1 |\
|          10017 | 2024-01-17 |     1 |\
|          10018 | 2024-01-18 |     1 |\
|          10019 | 2024-01-19 |     1 |\
|          10020 | 2024-01-20 |     1 |\
|          10021 | 2024-01-21 |     1 |\
|          10022 | 2024-01-22 |     1 |\
|          10023 | 2024-01-23 |     1 |\
|          10024 | 2024-01-24 |     1 |\
|          10025 | 2024-01-25 |     1 |\
|          10026 | 2024-01-26 |     1 |\
|          10027 | 2024-01-27 |     1 |\
|          10028 | 2024-01-28 |     1 |\
|          10029 | 2024-01-29 |     1 |\
|          10030 | 2024-01-30 |     1 |\
|          10031 | 2024-01-31 |     1 |\
|          10032 | 2024-02-01 |     2 |\
|          10033 | 2024-02-02 |     2 |\
|          10034 | 2024-02-03 |     2 |\
|          10035 | 2024-02-04 |     2 |\
|          10036 | 2024-02-05 |     2 |\
|          10037 | 2024-02-06 |     2 |\
|          10038 | 2024-02-07 |     2 |\
|          10039 | 2024-02-08 |     2 |\
|          10040 | 2024-02-09 |     2 |\
|          10041 | 2024-02-10 |     2 |\
|          10042 | 2024-02-11 |     2 |\
|          10043 | 2024-02-12 |     2 |\
|          10044 | 2024-02-13 |     2 |\
|          10045 | 2024-02-14 |     2 |\
|          10046 | 2024-02-15 |     2 |\
|          10047 | 2024-02-16 |     2 |\
|          10048 | 2024-02-17 |     2 |\
|          10049 | 2024-02-18 |     2 |\
|          10050 | 2024-02-19 |     2 |\
|          10051 | 2024-02-20 |     2 |\
|          10052 | 2024-02-21 |     2 |\
|          10053 | 2024-02-22 |     2 |\
|          10054 | 2024-02-23 |     2 |\
|          10055 | 2024-02-24 |     2 |\
|          10056 | 2024-02-25 |     2 |\
|          10057 | 2024-02-26 |     2 |\
|          10058 | 2024-02-27 |     2 |\
|          10059 | 2024-02-28 |     2 |\
|          10060 | 2024-02-29 |     2 |\
|          10061 | 2024-03-01 |     3 |\
|          10062 | 2024-03-02 |     3 |\
|          10063 | 2024-03-03 |     3 |\
|          10064 | 2024-03-04 |     3 |\
|          10065 | 2024-03-05 |     3 |\
|          10066 | 2024-03-06 |     3 |\
|          10067 | 2024-03-07 |     3 |\
|          10068 | 2024-03-08 |     3 |\
|          10069 | 2024-03-09 |     3 |\
|          10070 | 2024-03-10 |     3 |\
|          10071 | 2024-03-11 |     3 |\
|          10072 | 2024-03-12 |     3 |\
|          10073 | 2024-03-13 |     3 |\
|          10074 | 2024-03-14 |     3 |\
|          10075 | 2024-03-15 |     3 |\
|          10076 | 2024-03-16 |     3 |\
|          10077 | 2024-03-17 |     3 |\
|          10078 | 2024-03-18 |     3 |\
|          10079 | 2024-03-19 |     3 |\
|          10080 | 2024-03-20 |     3 |\
|          10081 | 2024-03-21 |     3 |\
|          10082 | 2024-03-22 |     3 |\
|          10083 | 2024-03-23 |     3 |\
|          10084 | 2024-03-24 |     3 |\
|          10085 | 2024-03-25 |     3 |\
|          10086 | 2024-03-26 |     3 |\
|          10087 | 2024-03-27 |     3 |\
|          10088 | 2024-03-28 |     3 |\
|          10089 | 2024-03-29 |     3 |\
|          10090 | 2024-03-30 |     3 |\
|          10091 | 2024-03-31 |     3 |\
|          10092 | 2024-04-01 |     4 |\
|          10093 | 2024-04-02 |     4 |\
|          10094 | 2024-04-03 |     4 |\
|          10095 | 2024-04-04 |     4 |\
|          10096 | 2024-04-05 |     4 |\
|          10097 | 2024-04-06 |     4 |\
|          10098 | 2024-04-07 |     4 |\
|          10099 | 2024-04-08 |     4 |\
|          10100 | 2024-04-09 |     4 |\
|          10101 | 2024-04-10 |     4 |\
|          10102 | 2024-04-11 |     4 |\
|          10103 | 2024-04-12 |     4 |\
|          10104 | 2024-04-13 |     4 |\
|          10105 | 2024-04-14 |     4 |\
|          10106 | 2024-04-15 |     4 |\
|          10107 | 2024-04-16 |     4 |\
|          10108 | 2024-04-17 |     4 |\
|          10109 | 2024-04-18 |     4 |\
|          10110 | 2024-04-19 |     4 |\
|          10111 | 2024-04-20 |     4 |\
|          10112 | 2024-04-21 |     4 |\
|          10113 | 2024-04-22 |     4 |\
|          10114 | 2024-04-23 |     4 |\
|          10115 | 2024-04-24 |     4 |\
|          10116 | 2024-04-25 |     4 |\
|          10117 | 2024-04-26 |     4 |\
|          10118 | 2024-04-27 |     4 |\
|          10119 | 2024-04-28 |     4 |\
|          10120 | 2024-04-29 |     4 |\
|          10121 | 2024-04-30 |     4 |\
|          10122 | 2024-05-01 |     5 |\
|          10123 | 2024-05-02 |     5 |\
|          10124 | 2024-05-03 |     5 |\
|          10125 | 2024-05-04 |     5 |\
|          10126 | 2024-05-05 |     5 |\
|          10127 | 2024-05-06 |     5 |\
|          10128 | 2024-05-07 |     5 |\
|          10129 | 2024-05-08 |     5 |\
|          10130 | 2024-05-09 |     5 |\
|          10131 | 2024-05-10 |     5 |\
|          10132 | 2024-05-11 |     5 |\
|          10133 | 2024-05-12 |     5 |\
|          10134 | 2024-05-13 |     5 |\
|          10135 | 2024-05-14 |     5 |\
|          10136 | 2024-05-15 |     5 |\
|          10137 | 2024-05-16 |     5 |\
|          10138 | 2024-05-17 |     5 |\
|          10139 | 2024-05-18 |     5 |\
|          10140 | 2024-05-19 |     5 |\
|          10141 | 2024-05-20 |     5 |\
|          10142 | 2024-05-21 |     5 |\
|          10143 | 2024-05-22 |     5 |\
|          10144 | 2024-05-23 |     5 |\
|          10145 | 2024-05-24 |     5 |\
|          10146 | 2024-05-25 |     5 |\
|          10147 | 2024-05-26 |     5 |\
|          10148 | 2024-05-27 |     5 |\
|          10149 | 2024-05-28 |     5 |\
|          10150 | 2024-05-29 |     5 |\
|          10151 | 2024-05-30 |     5 |\
|          10152 | 2024-05-31 |     5 |\
|          10153 | 2024-06-01 |     6 |\
|          10154 | 2024-06-02 |     6 |\
|          10155 | 2024-06-03 |     6 |\
|          10156 | 2024-06-04 |     6 |\
|          10157 | 2024-06-05 |     6 |\
|          10158 | 2024-06-06 |     6 |\
|          10159 | 2024-06-07 |     6 |\
|          10160 | 2024-06-08 |     6 |\
|          10161 | 2024-06-09 |     6 |\
|          10162 | 2024-06-10 |     6 |\
|          10163 | 2024-06-11 |     6 |\
|          10164 | 2024-06-12 |     6 |\
|          10165 | 2024-06-13 |     6 |\
|          10166 | 2024-06-14 |     6 |\
|          10167 | 2024-06-15 |     6 |\
|          10168 | 2024-06-16 |     6 |\
|          10169 | 2024-06-17 |     6 |\
|          10170 | 2024-06-18 |     6 |\
|          10171 | 2024-06-19 |     6 |\
|          10172 | 2024-06-20 |     6 |\
|          10173 | 2024-06-21 |     6 |\
|          10174 | 2024-06-22 |     6 |\
|          10175 | 2024-06-23 |     6 |\
|          10176 | 2024-06-24 |     6 |\
|          10177 | 2024-06-25 |     6 |\
|          10178 | 2024-06-26 |     6 |\
|          10179 | 2024-06-27 |     6 |\
|          10180 | 2024-06-28 |     6 |\
|          10181 | 2024-06-29 |     6 |\
|          10182 | 2024-06-30 |     6 |\
|          10183 | 2024-07-01 |     7 |\
|          10184 | 2024-07-02 |     7 |\
|          10185 | 2024-07-03 |     7 |\
|          10186 | 2024-07-04 |     7 |\
|          10187 | 2024-07-05 |     7 |\
|          10188 | 2024-07-06 |     7 |\
|          10189 | 2024-07-07 |     7 |\
|          10190 | 2024-07-08 |     7 |\
|          10191 | 2024-07-09 |     7 |\
|          10192 | 2024-07-10 |     7 |\
|          10193 | 2024-07-11 |     7 |\
|          10194 | 2024-07-12 |     7 |\
|          10195 | 2024-07-13 |     7 |\
|          10196 | 2024-07-14 |     7 |\
|          10197 | 2024-07-15 |     7 |\
|          10198 | 2024-07-16 |     7 |\
|          10199 | 2024-07-17 |     7 |\
|          10200 | 2024-07-18 |     7 |\
|          10201 | 2024-07-19 |     7 |\
|          10202 | 2024-07-20 |     7 |\
|          10203 | 2024-07-21 |     7 |\
|          10204 | 2024-07-22 |     7 |\
|          10205 | 2024-07-23 |     7 |\
|          10206 | 2024-07-24 |     7 |\
|          10207 | 2024-07-25 |     7 |\
|          10208 | 2024-07-26 |     7 |\
|          10209 | 2024-07-27 |     7 |\
|          10210 | 2024-07-28 |     7 |\
|          10211 | 2024-07-29 |     7 |\
|          10212 | 2024-07-30 |     7 |\
|          10213 | 2024-07-31 |     7 |\
|          10214 | 2024-08-01 |     8 |\
|          10215 | 2024-08-02 |     8 |\
|          10216 | 2024-08-03 |     8 |\
|          10217 | 2024-08-04 |     8 |\
|          10218 | 2024-08-05 |     8 |\
|          10219 | 2024-08-06 |     8 |\
|          10220 | 2024-08-07 |     8 |\
|          10221 | 2024-08-08 |     8 |\
|          10222 | 2024-08-09 |     8 |\
|          10223 | 2024-08-10 |     8 |\
|          10224 | 2024-08-11 |     8 |\
|          10225 | 2024-08-12 |     8 |\
|          10226 | 2024-08-13 |     8 |\
|          10227 | 2024-08-14 |     8 |\
|          10228 | 2024-08-15 |     8 |\
|          10229 | 2024-08-16 |     8 |\
|          10230 | 2024-08-17 |     8 |\
|          10231 | 2024-08-18 |     8 |\
|          10232 | 2024-08-19 |     8 |\
|          10233 | 2024-08-20 |     8 |\
|          10234 | 2024-08-21 |     8 |\
|          10235 | 2024-08-22 |     8 |\
|          10236 | 2024-08-23 |     8 |\
|          10237 | 2024-08-24 |     8 |\
|          10238 | 2024-08-25 |     8 |\
|          10239 | 2024-08-26 |     8 |\
|          10240 | 2024-08-27 |     8 |\
+----------------+------------+-------+\

\f1\b 239 rows in set (0.004 sec)
\f0\b0 \
\
MariaDB [sales]> SELECT MONTH(Date) AS `Month Number`, MONTHNAME(Date) AS `Month Name`, SUM(`Total Revenue`) AS `Monthly Revenue` FROM online_sales GROUP BY MONTH(Date), MONTHNAME(Date) ORDER BY MONTH(Date);\
+--------------+------------+-----------------+\
| Month Number | Month Name | Monthly Revenue |\
+--------------+------------+-----------------+\
|            1 | January    |        14440.35 |\
|            2 | February   |        10803.37 |\
|            3 | March      |        12849.24 |\
|            4 | April      |        12451.69 |\
|            5 | May        |         8455.49 |\
|            6 | June       |         7384.55 |\
|            7 | July       |         6797.08 |\
|            8 | August     |         7278.11 |\
+--------------+------------+-----------------+\

\f1\b 8 rows in set (0.010 sec)
\f0\b0 \
\
MariaDB [sales]> SELECT MONTH(Date) AS `Month Number`, MONTHNAME(Date) AS `Month Name`, SUM(`Total Revenue`) AS `Monthly Revenue`, COUNT(DISTINCT `TRANSACTION ID`) AS Volume GROUP BY MONTH(Date), MONTHNAME(Date) ORDER BY MONTH(Date);\
ERROR 1054 (42S22): Unknown column 'Date' in 'field list'\
MariaDB [sales]> SELECT MONTH(Date) AS `Month Number`, MONTHNAME(Date) AS `Month Name`, SUM(`Total Revenue`) AS `Monthly Revenue`, COUNT(DISTINCT `TRANSACTION ID`) AS Volume FROM online_sales GROUP BY MONTH(Date), MONTHNAME(Date) ORDER BY MONTH(Date);\
+--------------+------------+-----------------+--------+\
| Month Number | Month Name | Monthly Revenue | Volume |\
+--------------+------------+-----------------+--------+\
|            1 | January    |        14440.35 |     30 |\
|            2 | February   |        10803.37 |     29 |\
|            3 | March      |        12849.24 |     31 |\
|            4 | April      |        12451.69 |     30 |\
|            5 | May        |         8455.49 |     31 |\
|            6 | June       |         7384.55 |     30 |\
|            7 | July       |         6797.08 |     31 |\
|            8 | August     |         7278.11 |     27 |\
+--------------+------------+-----------------+--------+\

\f1\b 8 rows in set (0.003 sec)
\f0\b0 \
\
MariaDB [sales]> SELECT * FROM online_sales WHERE `Month Number` = 7;\
ERROR 1054 (42S22): Unknown column 'Month Number' in 'where clause'\
MariaDB [sales]> SELECT * FROM online_sales WHERE Month(`Date`) = 7;\
+----------------+------------+------------------+-----------------------+------------+------------+---------------+---------------+----------------+\
| Transaction ID | Date       | Product Category | Product Name          | Units Sold | Unit Price | Total Revenue | Region        | Payment Method |\
+----------------+------------+------------------+-----------------------+------------+------------+---------------+---------------+----------------+\
|          10183 | 2024-07-01 | Clothing         | Levi's 511 Slim Fit   |          3 |      59.99 |        179.97 | Asia          | Debit Card     |\
|          10184 | 2024-07-02 | Books            | The Martian by Andy   |          2 |      12.99 |         25.98 | North America | Credit Card    |\
|          10185 | 2024-07-03 | Beauty Products  | La Mer Cr\'e8me de la M  |          1 |     190.00 |        190.00 | Europe        | PayPal         |\
|          10186 | 2024-07-04 | Sports           | Polar Vantage V2      |          1 |     499.95 |        499.95 | Asia          | Credit Card    |\
|          10187 | 2024-07-05 | Electronics      | Sonos Beam Soundbar   |          1 |     399.00 |        399.00 | North America | Credit Card    |\
|          10188 | 2024-07-06 | Home Appliances  | Anova Precision Cook  |          2 |     199.00 |        398.00 | Europe        | PayPal         |\
|          10189 | 2024-07-07 | Clothing         | Nike Dri-FIT Trainin  |          4 |      34.99 |        139.96 | Asia          | Debit Card     |\
|          10190 | 2024-07-08 | Books            | The Catcher in the R  |          3 |      10.99 |         32.97 | North America | Credit Card    |\
|          10191 | 2024-07-09 | Beauty Products  | Glossier Cloud Paint  |          1 |      18.00 |         18.00 | Europe        | PayPal         |\
|          10192 | 2024-07-10 | Sports           | TRX All-in-One Suspe  |          1 |     169.95 |        169.95 | Asia          | Credit Card    |\
|          10193 | 2024-07-11 | Electronics      | Logitech G Pro X Wir  |          1 |     199.99 |        199.99 | North America | Credit Card    |\
|          10194 | 2024-07-12 | Home Appliances  | Breville Smart Coffe  |          1 |     199.95 |        199.95 | Europe        | PayPal         |\
|          10195 | 2024-07-13 | Clothing         | Adidas Ultraboost Ru  |          2 |     179.99 |        359.98 | Asia          | Debit Card     |\
|          10196 | 2024-07-14 | Books            | The Road by Cormac M  |          2 |      11.99 |         23.98 | North America | Credit Card    |\
|          10197 | 2024-07-15 | Beauty Products  | Tom Ford Black Orchi  |          1 |     125.00 |        125.00 | Europe        | PayPal         |\
|          10198 | 2024-07-16 | Sports           | GoPro HERO9 Black     |          1 |     449.99 |        449.99 | Asia          | Credit Card    |\
|          10199 | 2024-07-17 | Electronics      | Apple TV 4K           |          2 |     179.00 |        358.00 | North America | Credit Card    |\
|          10200 | 2024-07-18 | Home Appliances  | Instant Pot Duo Nova  |          1 |      99.95 |         99.95 | Europe        | PayPal         |\
|          10201 | 2024-07-19 | Clothing         | Gap 1969 Original Fi  |          3 |      59.99 |        179.97 | Asia          | Debit Card     |\
|          10202 | 2024-07-20 | Books            | The Goldfinch by Don  |          2 |      14.99 |         29.98 | North America | Credit Card    |\
|          10203 | 2024-07-21 | Beauty Products  | Dr. Jart+ Cicapair T  |          1 |      52.00 |         52.00 | Europe        | PayPal         |\
|          10204 | 2024-07-22 | Sports           | Yeti Tundra Haul Por  |          1 |     399.99 |        399.99 | Asia          | Credit Card    |\
|          10205 | 2024-07-23 | Electronics      | Samsung Galaxy Watch  |          1 |     299.99 |        299.99 | North America | Credit Card    |\
|          10206 | 2024-07-24 | Home Appliances  | KitchenAid Stand Mix  |          1 |     379.99 |        379.99 | Europe        | PayPal         |\
|          10207 | 2024-07-25 | Clothing         | Lululemon Wunder Und  |          2 |      98.00 |        196.00 | Asia          | Debit Card     |\
|          10208 | 2024-07-26 | Books            | The Great Alone by K  |          3 |      16.99 |         50.97 | North America | Credit Card    |\
|          10209 | 2024-07-27 | Beauty Products  | Caudalie Vinoperfect  |          1 |      79.00 |         79.00 | Europe        | PayPal         |\
|          10210 | 2024-07-28 | Sports           | Bose SoundLink Color  |          1 |     129.00 |        129.00 | Asia          | Credit Card    |\
|          10211 | 2024-07-29 | Electronics      | Canon EOS Rebel T7i   |          1 |     749.99 |        749.99 | North America | Credit Card    |\
|          10212 | 2024-07-30 | Home Appliances  | Keurig K-Elite Coffe  |          2 |     169.99 |        339.98 | Europe        | PayPal         |\
|          10213 | 2024-07-31 | Clothing         | Uniqlo Airism Seamle  |          4 |       9.90 |         39.60 | Asia          | Debit Card     |\
+----------------+------------+------------------+-----------------------+------------+------------+---------------+---------------+----------------+\

\f1\b 31 rows in set (0.001 sec)
\f0\b0 \
}